{"images/logo.png":{"newName":"images/logo.0f278ffd46a4687731ccad34403db8f9.png","height":0,"size":1577,"dependencies":[]},"styles/test.css":{"newName":"styles/test.05b41e4c4f4c5846715ebd3e246fac7e.css","height":1,"size":162,"dependencies":["images/logo.png"]},"test.html":{"newName":"test.1f8103490d14f2b0b488ac65023495b4.html","height":1,"size":214,"dependencies":["images/logo.png"]}}